Inventory:
Cocoa,10
Coffee,10
Cream,10
Decaf Coffee,10
Espresso,10
Foamed Milk,10
Steamed Milk,10
Sugar,10
Whipped Cream,10

Menu:
1,Caffe Americano,$3.30,true
2,Caffe Latte,$2.55,true
3,Caffe Mocha,$3.35,true
4,Cappuccino,$2.90,true
5,Coffee,$2.75,true
6,Decaf Coffee,$2.75,true

Your selection: 
Inventory:
Cocoa,10
Coffee,10
Cream,10
Decaf Coffee,10
Espresso,10
Foamed Milk,10
Steamed Milk,10
Sugar,10
Whipped Cream,10

Menu:
1,Caffe Americano,$3.30,true
2,Caffe Latte,$2.55,true
3,Caffe Mocha,$3.35,true
4,Cappuccino,$2.90,true
5,Coffee,$2.75,true
6,Decaf Coffee,$2.75,true

Your selection: Dispensing: Caffe Americano

Inventory:
Cocoa,10
Coffee,10
Cream,10
Decaf Coffee,10
Espresso,7
Foamed Milk,10
Steamed Milk,10
Sugar,10
Whipped Cream,10

Menu:
1,Caffe Americano,$3.30,true
2,Caffe Latte,$2.55,true
3,Caffe Mocha,$3.35,true
4,Cappuccino,$2.90,true
5,Coffee,$2.75,true
6,Decaf Coffee,$2.75,true

Your selection: 
Inventory:
Cocoa,10
Coffee,10
Cream,10
Decaf Coffee,10
Espresso,10
Foamed Milk,10
Steamed Milk,10
Sugar,10
Whipped Cream,10

Menu:
1,Caffe Americano,$3.30,true
2,Caffe Latte,$2.55,true
3,Caffe Mocha,$3.35,true
4,Cappuccino,$2.90,true
5,Coffee,$2.75,true
6,Decaf Coffee,$2.75,true

Your selection: Dispensing: Caffe Mocha

Inventory:
Cocoa,9
Coffee,10
Cream,10
Decaf Coffee,10
Espresso,9
Foamed Milk,10
Steamed Milk,9
Sugar,10
Whipped Cream,9

Menu:
1,Caffe Americano,$3.30,true
2,Caffe Latte,$2.55,true
3,Caffe Mocha,$3.35,true
4,Cappuccino,$2.90,true
5,Coffee,$2.75,true
6,Decaf Coffee,$2.75,true

Your selection: Inventory:
Cocoa,10
Coffee,10
Cream,10
Decaf Coffee,10
Espresso,10
Foamed Milk,10
Steamed Milk,10
Sugar,10
Whipped Cream,10

Menu:
1,Caffe Americano,$3.30,true
2,Caffe Latte,$2.55,true
3,Caffe Mocha,$3.35,true
4,Cappuccino,$2.90,true
5,Coffee,$2.75,true
6,Decaf Coffee,$2.75,true

Your selection: 
Inventory:
Cocoa,10
Coffee,10
Cream,10
Decaf Coffee,10
Espresso,10
Foamed Milk,10
Steamed Milk,10
Sugar,10
Whipped Cream,10

Menu:
1,Caffe Americano,$3.30,true
2,Caffe Latte,$2.55,true
3,Caffe Mocha,$3.35,true
4,Cappuccino,$2.90,true
5,Coffee,$2.75,true
6,Decaf Coffee,$2.75,true

Your selection: 
Inventory:
Cocoa,10
Coffee,10
Cream,10
Decaf Coffee,10
Espresso,10
Foamed Milk,10
Steamed Milk,10
Sugar,10
Whipped Cream,10

Menu:
1,Caffe Americano,$3.30,true
2,Caffe Latte,$2.55,true
3,Caffe Mocha,$3.35,true
4,Cappuccino,$2.90,true
5,Coffee,$2.75,true
6,Decaf Coffee,$2.75,true

Your selection: Invalid selection: 999. Try again: 
Inventory:
Cocoa,10
Coffee,10
Cream,10
Decaf Coffee,10
Espresso,10
Foamed Milk,10
Steamed Milk,10
Sugar,10
Whipped Cream,10

Menu:
1,Caffe Americano,$3.30,true
2,Caffe Latte,$2.55,true
3,Caffe Mocha,$3.35,true
4,Cappuccino,$2.90,true
5,Coffee,$2.75,true
6,Decaf Coffee,$2.75,true

Your selection: Dispensing: Caffe Mocha

Inventory:
Cocoa,9
Coffee,10
Cream,10
Decaf Coffee,10
Espresso,9
Foamed Milk,10
Steamed Milk,9
Sugar,10
Whipped Cream,9

Menu:
1,Caffe Americano,$3.30,true
2,Caffe Latte,$2.55,true
3,Caffe Mocha,$3.35,true
4,Cappuccino,$2.90,true
5,Coffee,$2.75,true
6,Decaf Coffee,$2.75,true

Your selection: Dispensing: Caffe Mocha

Inventory:
Cocoa,8
Coffee,10
Cream,10
Decaf Coffee,10
Espresso,8
Foamed Milk,10
Steamed Milk,8
Sugar,10
Whipped Cream,8

Menu:
1,Caffe Americano,$3.30,true
2,Caffe Latte,$2.55,true
3,Caffe Mocha,$3.35,true
4,Cappuccino,$2.90,true
5,Coffee,$2.75,true
6,Decaf Coffee,$2.75,true

Your selection: Dispensing: Caffe Mocha

Inventory:
Cocoa,7
Coffee,10
Cream,10
Decaf Coffee,10
Espresso,7
Foamed Milk,10
Steamed Milk,7
Sugar,10
Whipped Cream,7

Menu:
1,Caffe Americano,$3.30,true
2,Caffe Latte,$2.55,true
3,Caffe Mocha,$3.35,true
4,Cappuccino,$2.90,true
5,Coffee,$2.75,true
6,Decaf Coffee,$2.75,true

Your selection: Dispensing: Caffe Mocha

Inventory:
Cocoa,6
Coffee,10
Cream,10
Decaf Coffee,10
Espresso,6
Foamed Milk,10
Steamed Milk,6
Sugar,10
Whipped Cream,6

Menu:
1,Caffe Americano,$3.30,true
2,Caffe Latte,$2.55,true
3,Caffe Mocha,$3.35,true
4,Cappuccino,$2.90,true
5,Coffee,$2.75,true
6,Decaf Coffee,$2.75,true

Your selection: Dispensing: Caffe Mocha

Inventory:
Cocoa,5
Coffee,10
Cream,10
Decaf Coffee,10
Espresso,5
Foamed Milk,10
Steamed Milk,5
Sugar,10
Whipped Cream,5

Menu:
1,Caffe Americano,$3.30,true
2,Caffe Latte,$2.55,true
3,Caffe Mocha,$3.35,true
4,Cappuccino,$2.90,true
5,Coffee,$2.75,true
6,Decaf Coffee,$2.75,true

Your selection: 
